// Jest Snapshot v1, https://goo.gl/fbAQLP

exports[`should have todo form 1`] = `[Function]`;

exports[`should match snapshot 1`] = `[Function]`;
