// Jest Snapshot v1, https://goo.gl/fbAQLP

exports[`should match snapshot 1`] = `
<DocumentFragment>
  <div>
    <h1>
       Create a box!
    </h1>
    <form
      class="NewFormBox"
      data-testid="new-box-form"
    >
      <label
        for="width"
      >
        Width:
      </label>
      <input
        id="width"
        name="width"
        placeholder="width"
        type="text"
        value=""
      />
      <label
        for="height"
      >
        Height:
      </label>
      <input
        id="height"
        name="height"
        placeholder="height"
        type="text"
        value=""
      />
      <label
        for="backgroundColor"
      >
        Background color:
      </label>
      <input
        id="backgroundColor"
        name="backgroundColor"
        placeholder="background color"
        type="text"
        value=""
      />
      <button>
         Create box!
      </button>
    </form>
    <div
      class="BoxList"
    />
  </div>
</DocumentFragment>
`;
